// Jest Snapshot v1, https://goo.gl/fbAQLP

exports[`matches snapshot with Exactly one addUser callback prop 1`] = `
<form
  onSubmit={[Function]}
>
  <div
    style={
      Object {
        "display": "flex",
      }
    }
  >
    <input
      name="name"
      onChange={[Function]}
      placeholder="Name"
      style={
        Object {
          "flex": "5",
          "margin": "10px 10px 0px 0px",
          "padding": "5px",
        }
      }
      type="text"
      value=""
    />
    <input
      name="surname"
      onChange={[Function]}
      placeholder="Surname"
      style={
        Object {
          "flex": "5",
          "margin": "10px 0px 0px 10px",
          "padding": "5px",
        }
      }
      type="text"
      value=""
    />
  </div>
  <br />
  <div
    style={
      Object {
        "display": "flex",
      }
    }
  >
    <input
      name="username"
      onChange={[Function]}
      placeholder="Username"
      style={
        Object {
          "flex": "5",
          "margin": "10px 10px 0px 0px",
          "padding": "5px",
        }
      }
      type="text"
      value=""
    />
    <input
      name="password"
      onChange={[Function]}
      placeholder="Password"
      style={
        Object {
          "flex": "5",
          "margin": "10px 0px 0px 10px",
          "padding": "5px",
        }
      }
      type="text"
      value=""
    />
  </div>
  <br />
  <div
    style={
      Object {
        "display": "flex",
      }
    }
  >
    <input
      name="email"
      onChange={[Function]}
      placeholder="Email"
      style={
        Object {
          "flex": "5",
          "margin": "10px 10px 0px 0px",
          "padding": "5px",
        }
      }
      type="text"
      value=""
    />
    <span
      style={
        Object {
          "flex": "5",
          "margin": "10px 0px 0px 10px",
          "padding": "5px",
        }
      }
    />
  </div>
  <br />
  <input
    className="btn"
    type="submit"
    value="Submit"
  />
  <br />
</form>
`;

exports[`matches snapshot with No Prop 1`] = `
<form
  onSubmit={[Function]}
>
  <div
    style={
      Object {
        "display": "flex",
      }
    }
  >
    <input
      name="name"
      onChange={[Function]}
      placeholder="Name"
      style={
        Object {
          "flex": "5",
          "margin": "10px 10px 0px 0px",
          "padding": "5px",
        }
      }
      type="text"
      value=""
    />
    <input
      name="surname"
      onChange={[Function]}
      placeholder="Surname"
      style={
        Object {
          "flex": "5",
          "margin": "10px 0px 0px 10px",
          "padding": "5px",
        }
      }
      type="text"
      value=""
    />
  </div>
  <br />
  <div
    style={
      Object {
        "display": "flex",
      }
    }
  >
    <input
      name="username"
      onChange={[Function]}
      placeholder="Username"
      style={
        Object {
          "flex": "5",
          "margin": "10px 10px 0px 0px",
          "padding": "5px",
        }
      }
      type="text"
      value=""
    />
    <input
      name="password"
      onChange={[Function]}
      placeholder="Password"
      style={
        Object {
          "flex": "5",
          "margin": "10px 0px 0px 10px",
          "padding": "5px",
        }
      }
      type="text"
      value=""
    />
  </div>
  <br />
  <div
    style={
      Object {
        "display": "flex",
      }
    }
  >
    <input
      name="email"
      onChange={[Function]}
      placeholder="Email"
      style={
        Object {
          "flex": "5",
          "margin": "10px 10px 0px 0px",
          "padding": "5px",
        }
      }
      type="text"
      value=""
    />
    <span
      style={
        Object {
          "flex": "5",
          "margin": "10px 0px 0px 10px",
          "padding": "5px",
        }
      }
    />
  </div>
  <br />
  <input
    className="btn"
    type="submit"
    value="Submit"
  />
  <br />
</form>
`;
